{
  "files" : [ ],
  "subdirectories" : [ {
    "name" : "com",
    "path" : "com"
  } ]
}