{
  "files" : [ ],
  "subdirectories" : [ {
    "name" : "example",
    "path" : "example"
  } ]
}