{
  "package" : {
    "name" : "example",
    "qualifiedName" : "com.example",
    "documentation" : " Sample package used in smoke tests.\n"
  },
  "files" : [ {
    "file" : "Greeter.json",
    "name" : "Greeter",
    "qualifiedName" : "com.example.Greeter",
    "kind" : "class"
  } ],
  "subdirectories" : [ ]
}
