{
  "name" : "example",
  "qualifiedName" : "com.example",
  "documentation" : " Sample package used in smoke tests.\n"
}
